******************************************************************************
                  TI ARM Linker PC v20.2.2                     
******************************************************************************
>> Linked Mon Nov 16 14:08:22 2020

OUTPUT FILE NAME:   <adcsinglechannel_CC3220SF_LAUNCHXL_tirtos_ccs.out>
ENTRY POINT SYMBOL: "_c_int00"  address: 01006929


MEMORY CONFIGURATION

         name            origin    length      used     unused   attr    fill
----------------------  --------  ---------  --------  --------  ----  --------
  FLASH_HDR             01000000   000007ff  00000000  000007ff  R  X
  FLASH                 01000800   000ff800  00008865  000f6f9b  R  X
  SRAM                  20000000   00040000  000098f1  0003670f  RW X
  LOG_DATA              90000000   00040000  00000000  00040000  R   


SEGMENT ALLOCATION MAP

run origin  load origin   length   init length attrs members
----------  ----------- ---------- ----------- ----- -------
01000800    01000800    00008870   00008870    r-x
  01000800    01000800    0000030c   0000030c    r-- .resetVecs
  01000b10    01000b10    00007b42   00007b42    r-x .text
  01008658    01008658    000007b7   000007b7    r-- .const
  01008e10    01008e10    00000260   00000260    r-- .cinit
20000000    20000000    0000030c   00000000    rw-
  20000000    20000000    0000030c   00000000    rw- .vecs
20000310    20000310    00008000   00000000    r--
  20000310    20000310    00008000   00000000    r-- .priheap
20008310    20008310    000011e5   00000000    rw-
  20008310    20008310    00000b2c   00000000    rw- .bss
  20008e3c    20008e3c    000006b9   00000000    rw- .data
2003fc00    2003fc00    00000400   00000000    rw-
  2003fc00    2003fc00    00000400   00000000    rw- .stack


SECTION ALLOCATION MAP

 output                                  attributes/
section   page    origin      length       input sections
--------  ----  ----------  ----------   ----------------
.resetVecs 
*          0    01000800    0000030c     
                  01000800    0000030c     release_pem4.oem4 (.resetVecs)

.text      0    01000b10    00007b42     
                  01000b10    000009bc     rtsv7M4_T_le_eabi.lib : e_pow.c.obj (.text:pow)
                  010014cc    00000004     dpl_cc32xx.a : ClockP_tirtos.oem4 (.text:ClockP_getCpuFreq)
                  010014d0    00000468     sysbios.aem4 : BIOS.obj (.text:xdc_runtime_System_doPrint__I)
                  01001938    0000042c     driverlib.a : prcm.obj (.text:PRCMCC3200MCUInit)
                  01001d64    0000036c     adcsinglechannel.obj (.text:print_accel_forever_timer)
                  010020d0    00000288     drivers_cc32xx.a : UARTCC32XX.oem4 (.text:UARTCC32XX_open)
                  01002358    000001b6     rtsv7M4_T_le_eabi.lib : fd_add_t2.asm.obj (.text)
                  0100250e    00000002     ti_drivers_config.obj (.text:Board_initHook)
                  01002510    00000194     adcsinglechannel.obj (.text:ADC_setup)
                  010026a4    00000180     release_pem4.oem4 (.text:xdc_runtime_System_printfExtend__I)
                  01002824    0000015c     dpl_cc32xx.a : PowerCC32XX_tirtos.oem4 (.text:PowerCC32XX_sleepPolicy)
                  01002980    0000015c     rtsv7M4_T_le_eabi.lib : e_sqrt.c.obj (.text:sqrt)
                  01002adc    00000148     drivers_cc32xx.a : PowerCC32XX.oem4 (.text:parkPins)
                  01002c24    00000136     rtsv7M4_T_le_eabi.lib : fd_div_t2.asm.obj (.text)
                  01002d5a    00000002     display.a : DisplayUart.oem4 (.text:DisplayUartMin_clear)
                  01002d5c    00000130     drivers_cc32xx.a : PowerCC32XX.oem4 (.text:Power_sleep)
                  01002e8c    00000004     dpl_cc32xx.a : ClockP_tirtos.oem4 (.text:ClockP_setTimeout)
                  01002e90    00000130     sysbios.aem4 : BIOS.obj (.text:ti_sysbios_knl_Semaphore_pend__E)
                  01002fc0    00000128     drivers_cc32xx.a : TimerCC32XX.oem4 (.text:TimerCC32XX_open)
                  010030e8    00000120                      : UARTCC32XX.oem4 (.text:UARTCC32XX_close)
                  01003208    00000120     sysbios.aem4 : BIOS.obj (.text:xdc_runtime_Startup_startMods__I)
                  01003328    00000110                  : BIOS.obj (.text:ti_sysbios_knl_Task_postInit__I)
                  01003438    00000104                  : BIOS.obj (.text:ti_sysbios_knl_Task_Instance_finalize__E)
                  0100353c    000000fc     rtsv7M4_T_le_eabi.lib : fd_mul_t2.asm.obj (.text)
                  01003638    000000f2     drivers_cc32xx.a : UARTCC32XX.oem4 (.text:UARTCC32XX_control)
                  0100372a    00000006                      : ADCCC32XX.oem4 (.text:ADCCC32XX_control)
                  01003730    000000f0     sysbios.aem4 : BIOS.obj (.text:pthread_create)
                  01003820    000000f0                  : BIOS.obj (.text:ti_sysbios_knl_Task_Instance_init__E)
                  01003910    000000d0     rtsv7M4_T_le_eabi.lib : s_scalbn.c.obj (.text:scalbn)
                  010039e0    000000d0     sysbios.aem4 : BIOS.obj (.text:ti_sysbios_heaps_HeapMem_alloc__E)
                  01003ab0    000000cc                  : m3_Hwi_asm.obj (.text:ti_sysbios_family_arm_m3_Hwi_dispatch__I)
                  01003b7c    000000ca     drivers_cc32xx.a : UARTCC32XX.oem4 (.text:UARTCC32XX_write)
                  01003c46    00000002     display.a : DisplayUart.oem4 (.text:DisplayUartMin_clearLines)
                  01003c48    000000c0     adcsinglechannel.obj (.text:mainThread)
                  01003d08    000000bc     sysbios.aem4 : BIOS.obj (.text:xdc_runtime_Core_createObject__I)
                  01003dc4    000000ba     drivers_cc32xx.a : UARTCC32XX.oem4 (.text:UARTCC32XX_readPolling)
                  01003e7e    00000002     display.a : DisplayUart.oem4 (.text:DisplayUartMin_init)
                  01003e80    000000b8     drivers_cc32xx.a : UARTCC32XX.oem4 (.text:initHw)
                  01003f38    000000b8     sysbios.aem4 : BIOS.obj (.text:ti_sysbios_family_arm_m3_Hwi_Instance_init__E)
                  01003ff0    000000b6     drivers_cc32xx.a : UARTCC32XX.oem4 (.text:readTaskCallback)
                  010040a6    000000b0                      : UARTCC32XX.oem4 (.text:readTaskBlocking)
                  01004156    000000ae                      : UARTCC32XX.oem4 (.text:readIsrTextBlocking)
                  01004204    000000ac                      : PowerCC32XX.oem4 (.text:restoreParkedPins)
                  010042b0    000000a8                      : PowerCC32XX.oem4 (.text:PowerCC32XX_configureWakeup)
                  01004358    000000a8     adcsinglechannel.obj (.text:Timer_setup_continuous)
                  01004400    000000a4     sysbios.aem4 : BIOS.obj (.text:ti_sysbios_knl_Task_setPri__E)
                  010044a4    000000a2     drivers_cc32xx.a : UARTCC32XX.oem4 (.text:readIsrTextCallback)
                  01004546    000000a2                      : UARTCC32XX.oem4 (.text:writeData)
                  010045e8    000000a0     auto_init.aem4 : auto_init.oem4 (.text)
                  01004688    0000009c     sysbios.aem4 : BIOS.obj (.text:_pthread_removeThreadKeys)
                  01004724    0000009c     rtsv7M4_T_le_eabi.lib : memcpy_t2.asm.obj (.text)
                  010047c0    00000096                           : ull_div_t2.asm.obj (.text)
                  01004856    00000002     drivers_cc32xx.a : TimerCC32XX.oem4 (.text:TimerCC32XX_init)
                  01004858    00000094                      : ADCCC32XX.oem4 (.text:ADCCC32XX_open)
                  010048ec    00000004     dpl_cc32xx.a : ClockP_tirtos.oem4 (.text:ClockP_start)
                  010048f0    00000094     sysbios.aem4 : BIOS.obj (.text:ti_sysbios_knl_Task_exit__E)
                  01004984    00000090     drivers_cc32xx.a : PowerCC32XX.oem4 (.text:restoreNVICRegs)
                  01004a14    00000004     dpl_cc32xx.a : ClockP_tirtos.oem4 (.text:ClockP_stop)
                  01004a18    00000090     sysbios.aem4 : BIOS.obj (.text:ti_sysbios_knl_Task_Module_startup__E)
                  01004aa8    0000008c                  : BIOS.obj (.text:xdc_runtime_Memory_alloc__E)
                  01004b34    00000088     driverlib.a : pin.obj (.text:PinConfigSet)
                  01004bbc    00000088     drivers_cc32xx.a : TimerCC32XX.oem4 (.text:TimerCC32XX_setPeriod)
                  01004c44    00000004     dpl_cc32xx.a : HwiP_tirtos.oem4 (.text:HwiP_clearInterrupt)
                  01004c48    00000088     sysbios.aem4 : BIOS.obj (.text:ti_sysbios_family_arm_m3_Hwi_initNVIC__E)
                  01004cd0    00000086     rtsv7M4_T_le_eabi.lib : fd_cmp_t2.asm.obj (.text:__aeabi_cdcmple)
                  01004d56    00000086                           : fd_cmp_t2.asm.obj (.text:__aeabi_cdrcmple)
                  01004ddc    00000004     dpl_cc32xx.a : HwiP_tirtos.oem4 (.text:HwiP_disable)
                  01004de0    00000086     sysbios.aem4 : BIOS.obj (.text:xdc_runtime_Core_constructObject__I)
                  01004e66    00000002     drivers_cc32xx.a : UARTCC32XX.oem4 (.text:UARTCC32XX_init)
                  01004e68    00000084                      : PowerCC32XX.oem4 (.text:Power_init)
                  01004eec    00000084                      : PowerCC32XX.oem4 (.text:saveNVICRegs)
                  01004f70    00000084     sysbios.aem4 : BIOS.obj (.text:ti_sysbios_family_arm_m3_Hwi_postInit__I)
                  01004ff4    00000004     dpl_cc32xx.a : SemaphoreP_tirtos.oem4 (.text:SemaphoreP_post)
                  01004ff8    00000084     sysbios.aem4 : BIOS.obj (.text:ti_sysbios_heaps_HeapMem_free__E)
                  0100507c    00000080     drivers_cc32xx.a : PowerCC32XX.oem4 (.text:Power_setDependency)
                  010050fc    00000004     dpl_cc32xx.a : SystemP_tirtos.oem4 (.text:SystemP_vsnprintf)
                  01005100    00000080     sysbios.aem4 : BIOS.obj (.text:ti_sysbios_knl_Clock_workFunc__E)
                  01005180    0000007c     drivers_cc32xx.a : UARTCC32XX.oem4 (.text:readIsrBinaryBlocking)
                  010051fc    0000007a     rtsv7M4_T_le_eabi.lib : fs_mul_t2.asm.obj (.text)
                  01005276    0000007a                           : memset_t2.asm.obj (.text)
                  010052f0    00000078     drivers_cc32xx.a : ADCCC32XX.oem4 (.text:ADCCC32XX_convert)
                  01005368    00000078                      : TimerCC32XX.oem4 (.text:TimerCC32XX_start)
                  010053e0    00000078                      : UARTCC32XX.oem4 (.text:readIsrBinaryCallback)
                  01005458    00000075     sysbios.aem4 : BIOS.obj (.text:xdc_runtime_System_formatNum__I)
                  010054cd    00000001     --HOLE-- [fill = 0]
                  010054ce    00000002     rtsv7M4_T_le_eabi.lib : _lock.c.obj (.text:_nop)
                  010054d0    00000074     drivers_cc32xx.a : ADCCC32XX.oem4 (.text:ADCCC32XX_close)
                  01005544    00000074                      : UARTCC32XX.oem4 (.text:UARTCC32XX_hwiIntFxn)
                  010055b8    00000074     sysbios.aem4 : BIOS.obj (.text:xdc_runtime_Core_deleteObject__I)
                  0100562c    00000004     release_pem4.oem4 (.text:ti_sysbios_BIOS_RtsGateProxy_enter__E)
                  01005630    00000070     sysbios.aem4 : BIOS.obj (.text:ti_sysbios_heaps_HeapMem_initPrimary__I)
                  010056a0    0000006e     rtsv7M4_T_le_eabi.lib : fd_tos_t2.asm.obj (.text)
                  0100570e    00000002                           : div0.asm.obj (.text)
                  01005710    0000006c     sysbios.aem4 : BIOS.obj (.text:ti_sysbios_knl_Swi_restoreHwi__E)
                  0100577c    00000068     rtsv7M4_T_le_eabi.lib : copy_decompress_lzss.c.obj (.text:decompress:lzss:__TI_decompress_lzss)
                  010057e4    00000004     release_pem4.oem4 (.text:ti_sysbios_BIOS_RtsGateProxy_leave__E)
                  010057e8    00000068     sysbios.aem4 : BIOS.obj (.text:pthread_exit)
                  01005850    00000066     drivers_cc32xx.a : UARTCC32XX.oem4 (.text:UARTCC32XX_writeCancel)
                  010058b6    00000002     release_pem4.oem4 (.text:ti_sysbios_BIOS_nullFunc__I)
                  010058b8    00000064     drivers_cc32xx.a : PowerCC32XX.oem4 (.text:PowerCC32XX_setParkState)
                  0100591c    00000064     main_tirtos.obj (.text:main)
                  01005980    00000064     sysbios.aem4 : BIOS.obj (.text:ti_sysbios_family_arm_m3_Hwi_dispatchC__I)
                  010059e4    00000062     drivers_cc32xx.a : UARTCC32XX.oem4 (.text:UARTCC32XX_writePolling)
                  01005a46    00000002     release_pem4.oem4 (.text:xdc_runtime_Startup_reset__I)
                  01005a48    00000060     driverlib.a : prcm.obj (.text:PRCMSysResetCauseGet)
                  01005aa8    00000060     sysbios.aem4 : BIOS.obj (.text:ti_sysbios_knl_Semaphore_post__E)
                  01005b08    00000060                  : BIOS.obj (.text:ti_sysbios_knl_Swi_run__I)
                  01005b68    0000005c     display.a : Display.oem4 (.text:Display_doOpen)
                  01005bc4    00000004     release_pem4.oem4 (.text:ti_sysbios_family_arm_m3_Hwi_delete)
                  01005bc8    0000005c     sysbios.aem4 : BIOS.obj (.text:ti_sysbios_family_arm_m3_Timer_start__E)
                  01005c24    00000004     release_pem4.oem4 (.text:ti_sysbios_family_arm_m3_TaskSupport_Module__startupDone__S)
                  01005c28    0000005c     sysbios.aem4 : BIOS.obj (.text:ti_sysbios_knl_Swi_schedule__I)
                  01005c84    00000004     release_pem4.oem4 (.text:ti_sysbios_heaps_HeapMem_Module_GateProxy_enter__E)
                  01005c88    0000005c     sysbios.aem4 : BIOS.obj (.text:ti_sysbios_knl_Task_startCore__E)
                  01005ce4    00000004     release_pem4.oem4 (.text:ti_sysbios_heaps_HeapMem_Module_GateProxy_leave__E)
                  01005ce8    0000005c     sysbios.aem4 : BIOS.obj (.text:xdc_runtime_Startup_exec__E)
                  01005d44    00000058     adcsinglechannel.obj (.text:Display_setup)
                  01005d9c    00000058     driverlib.a : prcm.obj (.text:PRCMPeripheralReset)
                  01005df4    00000058     drivers_cc32xx.a : PowerCC32XX.oem4 (.text:Power_releaseDependency)
                  01005e4c    00000056                      : TimerCC32XX.oem4 (.text:TimerCC32XX_stop)
                  01005ea2    00000054                      : UARTCC32XX.oem4 (.text:ringBufGet)
                  01005ef6    00000002     --HOLE-- [fill = 0]
                  01005ef8    00000054     release_pem4.oem4 (.text:ti_sysbios_family_arm_m3_Hwi_create)
                  01005f4c    00000052     drivers_cc32xx.a : PowerCC32XX_asm.oem4 (.text:PowerCC32XX_resumeLPDS)
                  01005f9e    00000052                      : TimerCC32XX.oem4 (.text:initHw)
                  01005ff0    00000050                      : TimerCC32XX.oem4 (.text:TimerCC32XX_allocateTimerResource)
                  01006040    00000050     sysbios.aem4 : BIOS.obj (.text:ti_sysbios_family_arm_m3_Hwi_Module_startup__E)
                  01006090    00000050                  : BIOS.obj (.text:ti_sysbios_family_arm_m3_Timer_setPeriod__E)
                  010060e0    00000050     release_pem4.oem4 (.text:ti_sysbios_knl_Task_create)
                  01006130    0000004c     drivers_cc32xx.a : PowerCC32XX.oem4 (.text:PowerCC32XX_parkPin)
                  0100617c    0000004c     rtsv7M4_T_le_eabi.lib : cpy_tbl.c.obj (.text:copy_in)
                  010061c8    0000004c     drivers_cc32xx.a : PowerCC32XX.oem4 (.text:restorePeriphClocks)
                  01006214    0000004c     sysbios.aem4 : m3_TaskSupport_asm.obj (.text:ti_sysbios_family_arm_m3_TaskSupport_buildTaskStack)
                  01006260    0000004c                  : BIOS.obj (.text:ti_sysbios_heaps_HeapMem_getStats__E)
                  010062ac    00000004     release_pem4.oem4 (.text:ti_sysbios_knl_Clock_TimerProxy_getMaxTicks__E)
                  010062b0    0000004c     sysbios.aem4 : BIOS.obj (.text:ti_sysbios_knl_Swi_runLoop__I)
                  010062fc    00000004     release_pem4.oem4 (.text:ti_sysbios_knl_Clock_TimerProxy_setPeriodMicroSecs__E)
                  01006300    0000004c     sysbios.aem4 : BIOS.obj (.text:ti_sysbios_knl_Task_allBlockedFunction__I)
                  0100634c    00000004     release_pem4.oem4 (.text:ti_sysbios_knl_Clock_TimerProxy_start__E)
                  01006350    0000004c     sysbios.aem4 : BIOS.obj (.text:ti_sysbios_knl_Task_schedule__I)
                  0100639c    0000004a     display.a : DisplayUart.oem4 (.text:DisplayUartMin_open)
                  010063e6    00000002     --HOLE-- [fill = 0]
                  010063e8    00000048     driverlib.a : flash.obj (.text:FlashDisable)
                  01006430    00000048                 : prcm.obj (.text:PRCMLPDSEnter)
                  01006478    00000048                 : prcm.obj (.text:PRCMPeripheralClkEnable)
                  010064c0    00000048     drivers_cc32xx.a : PowerCC32XX.oem4 (.text:Power_releaseConstraint)
                  01006508    00000048     rtsv7M4_T_le_eabi.lib : fd_toi_t2.asm.obj (.text)
                  01006550    00000048     sysbios.aem4 : BIOS.obj (.text:ti_sysbios_family_arm_m3_Hwi_disableInterrupt__E)
                  01006598    00000048                  : BIOS.obj (.text:ti_sysbios_family_arm_m3_Hwi_enableInterrupt__E)
                  010065e0    00000048                  : m3_Hwi_asm_switch.obj (.text:ti_sysbios_family_arm_m3_Hwi_initStacks__E)
                  01006628    00000048                  : BIOS.obj (.text:ti_sysbios_family_arm_m3_Timer_initDevice__I)
                  01006670    00000048                  : BIOS.obj (.text:ti_sysbios_knl_Mailbox_Module_startup__E)
                  010066b8    00000048                  : BIOS.obj (.text:xdc_runtime_Core_assignParams__I)
                  01006700    00000046     display.a : DisplayUart.oem4 (.text:DisplayUartMin_vprintf)
                  01006746    00000046     drivers_cc32xx.a : RingBuf.oem4 (.text:RingBuf_put)
                  0100678c    00000046                      : TimerCC32XX.oem4 (.text:getPrescaler)
                  010067d2    00000002     --HOLE-- [fill = 0]
                  010067d4    00000044                      : ADC.oem4 (.text:ADC_init)
                  01006818    00000044     driverlib.a : prcm.obj (.text:PRCMLPDSRestoreInfoSet)
                  0100685c    00000044     drivers_cc32xx.a : PowerCC32XX_asm.oem4 (.text:PowerCC32XX_enterLPDS)
                  010068a0    00000044                      : Timer.oem4 (.text:Timer_init)
                  010068e4    00000044                      : UART.oem4 (.text:UART_init)
                  01006928    00000044     boot.aem4 : boot.oem4 (.text)
                  0100696c    00000044     rtsv7M4_T_le_eabi.lib : fd_tou_t2.asm.obj (.text)
                  010069b0    00000044     sysbios.aem4 : BIOS.obj (.text:ti_sysbios_family_arm_m3_Hwi_getStackInfo__E)
                  010069f4    00000004     release_pem4.oem4 (.text:ti_sysbios_knl_Clock_TimerProxy_stop__E)
                  010069f8    00000044     sysbios.aem4 : BIOS.obj (.text:ti_sysbios_knl_Mailbox_postInit__I)
                  01006a3c    00000004     release_pem4.oem4 (.text:ti_sysbios_knl_Clock_delete)
                  01006a40    00000044     sysbios.aem4 : BIOS.obj (.text:ti_sysbios_knl_Swi_post__E)
                  01006a84    00000004     release_pem4.oem4 (.text:ti_sysbios_knl_Semaphore_delete)
                  01006a88    00000044     sysbios.aem4 : BIOS.obj (.text:xdc_runtime_System_atexit__E)
                  01006acc    00000040     drivers_cc32xx.a : ADC.oem4 (.text:ADC_open)
                  01006b0c    00000040     dpl_cc32xx.a : ClockP_tirtos.oem4 (.text:ClockP_create)
                  01006b4c    00000040                  : HwiP_tirtos.oem4 (.text:HwiP_create)
                  01006b8c    00000040     driverlib.a : pin.obj (.text:PinModeSet)
                  01006bcc    00000040     drivers_cc32xx.a : RingBuf.oem4 (.text:RingBuf_get)
                  01006c0c    00000040                      : Timer.oem4 (.text:Timer_open)
                  01006c4c    00000040                      : UARTCC32XX.oem4 (.text:UARTCC32XX_read)
                  01006c8c    00000040                      : UART.oem4 (.text:UART_open)
                  01006ccc    00000040     rtsv7M4_T_le_eabi.lib : u_divt2.asm.obj (.text)
                  01006d0c    00000004     release_pem4.oem4 (.text:ti_sysbios_knl_Task_delete)
                  01006d10    00000040     sysbios.aem4 : BIOS.obj (.text:ti_sysbios_heaps_HeapMem_Instance_init__E)
                  01006d50    00000040                  : BIOS.obj (.text:ti_sysbios_knl_Clock_Instance_init__E)
                  01006d90    0000003c     drivers_cc32xx.a : PowerCC32XX.oem4 (.text:Power_setConstraint)
                  01006dcc    0000003c     dpl_cc32xx.a : SemaphoreP_tirtos.oem4 (.text:SemaphoreP_create)
                  01006e08    0000003c     sysbios.aem4 : BIOS.obj (.text:ti_sysbios_family_arm_m3_Hwi_Instance_finalize__E)
                  01006e44    00000004     release_pem4.oem4 (.text:xdc_runtime_System_Module_GateProxy_enter__E)
                  01006e48    0000003c     sysbios.aem4 : BIOS.obj (.text:ti_sysbios_family_arm_m3_Timer_setPeriodMicroSecs__E)
                  01006e84    0000003c     release_pem4.oem4 (.text:ti_sysbios_knl_Clock_create)
                  01006ec0    0000003c     sysbios.aem4 : BIOS.obj (.text:ti_sysbios_knl_Clock_walkQueuePeriodic__E)
                  01006efc    00000004     release_pem4.oem4 (.text:xdc_runtime_System_Module_GateProxy_leave__E)
                  01006f00    0000003c     sysbios.aem4 : BIOS.obj (.text:ti_sysbios_knl_Swi_restore__E)
                  01006f3c    00000004     --HOLE-- [fill = 0]
                  01006f40    0000003c                  : BIOS.obj (.text:xdc_runtime_System_processAtExit__E)
                  01006f7c    0000003a     drivers_cc32xx.a : TimerCC32XX.oem4 (.text:TimerCC32XX_close)
                  01006fb6    0000003a     dpl_cc32xx.a : PowerCC32XX_tirtos.oem4 (.text:getCountsRTC)
                  01006ff0    00000038     driverlib.a : prcm.obj (.text:PRCMLPDSEnterKeepDebugIf)
                  01007028    00000038     drivers_cc32xx.a : TimerCC32XX.oem4 (.text:TimerCC32XX_hwiIntFunction)
                  01007060    00000038                      : PowerCC32XX.oem4 (.text:notify)
                  01007098    00000038     rtsv7M4_T_le_eabi.lib : fs_tod_t2.asm.obj (.text)
                  010070d0    00000038                           : i_tofs_t2.asm.obj (.text)
                  01007108    00000038     sysbios.aem4 : BIOS.obj (.text:ti_sysbios_knl_Task_processVitalTaskFlag__I)
                  01007140    00000036     driverlib.a : timer.obj (.text:TimerControlStall)
                  01007176    00000036     drivers_cc32xx.a : UARTCC32XX.oem4 (.text:UARTCC32XX_readCancel)
                  010071ac    00000034     driverlib.a : pin.obj (.text:PinModeGet)
                  010071e0    00000034     drivers_cc32xx.a : PowerCC32XX.oem4 (.text:PowerCC32XX_restoreParkState)
                  01007214    00000034                      : TimerCC32XX.oem4 (.text:TimerCC32XX_freeTimerResource)
                  01007248    00000034     sysbios.aem4 : BIOS.obj (.text:_pthread_delete$43)
                  0100727c    00000034     drivers_cc32xx.a : TimerCC32XX.oem4 (.text:getPowerMgrId)
                  010072b0    00000034     sysbios.aem4 : BIOS.obj (.text:ti_sysbios_family_arm_m3_Timer_periodicStub__I)
                  010072e4    00000034     release_pem4.oem4 (.text:ti_sysbios_knl_Semaphore_create)
                  01007318    00000032     sysbios.aem4 : BIOS.obj (.text:ti_sysbios_hal_Hwi_initStack)
                  0100734a    00000006     display.a : DisplayUart.oem4 (.text:DisplayUartMin_control)
                  01007350    00000032     sysbios.aem4 : BIOS.obj (.text:xdc_runtime_System_putchar__I)
                  01007382    00000030     drivers_cc32xx.a : PowerCC32XX.oem4 (.text:PowerCC32XX_restoreParkedPin)
                  010073b2    00000002     --HOLE-- [fill = 0]
                  010073b4    00000030     release_pem4.oem4 (.text:ti_sysbios_BIOS_atExitFunc__I)
                  010073e4    00000030     release_pem4.oem4 (.text:ti_sysbios_BIOS_startFunc__I)
                  01007414    00000004     --HOLE-- [fill = 0]
                  01007418    00000030     sysbios.aem4 : BIOS.obj (.text:ti_sysbios_family_arm_m3_TaskSupport_start__E)
                  01007448    00000030     release_pem4.oem4 (.text:ti_sysbios_gates_GateHwi_Object__create__S)
                  01007478    00000030     release_pem4.oem4 (.text:ti_sysbios_gates_GateMutex_Object__create__S)
                  010074a8    00000030     sysbios.aem4 : BIOS.obj (.text:ti_sysbios_gates_GateMutex_enter__E)
                  010074d8    00000030     release_pem4.oem4 (.text:ti_sysbios_heaps_HeapMem_Object__create__S)
                  01007508    00000030     release_pem4.oem4 (.text:ti_sysbios_knl_Semaphore_construct)
                  01007538    00000030     sysbios.aem4 : BIOS.obj (.text:ti_sysbios_knl_Semaphore_pendTimeout__I)
                  01007568    00000030                  : BIOS.obj (.text:ti_sysbios_knl_Task_restore__E)
                  01007598    00000030                  : BIOS.obj (.text:ti_sysbios_knl_Task_unblockI__E)
                  010075c8    0000002e     rtsv7M4_T_le_eabi.lib : i_tofd_t2.asm.obj (.text)
                  010075f6    00000002     --HOLE-- [fill = 0]
                  010075f8    0000002c     drivers_cc32xx.a : PowerCC32XX.oem4 (.text:PowerCC32XX_getParkState)
                  01007624    0000002c     dpl_cc32xx.a : SemaphoreP_tirtos.oem4 (.text:SemaphoreP_createBinary)
                  01007650    0000002c     sysbios.aem4 : BIOS.obj (.text:_pthread_cleanupFxn)
                  0100767c    00000004     --HOLE-- [fill = 0]
                  01007680    0000002c                  : BIOS.obj (.text:ti_sysbios_family_arm_m3_TimestampProvider_Module_startup__E)
                  010076ac    0000002c     release_pem4.oem4 (.text:ti_sysbios_gates_GateHwi_Handle__label__S)
                  010076d8    0000002c     release_pem4.oem4 (.text:ti_sysbios_gates_GateMutex_Handle__label__S)
                  01007704    0000002c     release_pem4.oem4 (.text:ti_sysbios_heaps_HeapMem_Handle__label__S)
                  01007730    0000002c     release_pem4.oem4 (.text:ti_sysbios_knl_Clock_doTick__I)
                  0100775c    0000002c     release_pem4.oem4 (.text:ti_sysbios_knl_Queue_construct)
                  01007788    0000002a     display.a : Display.oem4 (.text:Display_doPrintf)
                  010077b2    0000002a     driverlib.a : timer.obj (.text:TimerLoadSet)
                  010077dc    0000002a                 : timer.obj (.text:TimerPrescaleSet)
                  01007806    00000002     --HOLE-- [fill = 0]
                  01007808    00000028     display.a : Display.oem4 (.text:Display_doInit)
                  01007830    00000028     driverlib.a : prcm.obj (.text:PRCMPeripheralClkDisable)
                  01007858    00000028     dpl_cc32xx.a : PowerCC32XX_tirtos.oem4 (.text:PowerCC32XX_initPolicy)
                  01007880    00000028     drivers_cc32xx.a : PowerCC32XX.oem4 (.text:Power_registerNotify)
                  010078a8    00000028     sysbios.aem4 : m3_Hwi_asm.obj (.text:ti_sysbios_family_arm_m3_Hwi_excHandlerAsm__I)
                  010078d0    00000028                  : BIOS.obj (.text:ti_sysbios_knl_Clock_addI__E)
                  010078f8    00000028                  : BIOS.obj (.text:ti_sysbios_knl_Swi_Module_startup__E)
                  01007920    00000026     drivers_cc32xx.a : List.oem4 (.text:List_put)
                  01007946    00000026                      : List.oem4 (.text:List_remove)
                  0100796c    00000024                      : PowerCC32XX.oem4 (.text:PowerCC32XX_reset)
                  01007990    00000024     sysbios.aem4 : BIOS.obj (.text:pthread_attr_init)
                  010079b4    00000024     rtsv7M4_T_le_eabi.lib : u_tofs_t2.asm.obj (.text)
                  010079d8    00000024     release_pem4.oem4 (.text:ti_sysbios_BIOS_registerRTSLock__I)
                  010079fc    00000024     release_pem4.oem4 (.text:ti_sysbios_BIOS_removeRTSLock__I)
                  01007a20    00000024     sysbios.aem4 : BIOS.obj (.text:ti_sysbios_family_arm_m3_Timer_postInit__I)
                  01007a44    00000004     --HOLE-- [fill = 0]
                  01007a48    00000024                  : BIOS.obj (.text:ti_sysbios_family_arm_m3_Timer_startup__E)
                  01007a6c    00000024     release_pem4.oem4 (.text:ti_sysbios_gates_GateMutex_Object__delete__S)
                  01007a90    00000024     sysbios.aem4 : BIOS.obj (.text:ti_sysbios_knl_Clock_Module_startup__E)
                  01007ab4    00000024     release_pem4.oem4 (.text:ti_sysbios_knl_Clock_Object__delete__S)
                  01007ad8    00000024     sysbios.aem4 : BIOS.obj (.text:ti_sysbios_knl_Clock_start__E)
                  01007afc    00000004     --HOLE-- [fill = 0]
                  01007b00    00000024                  : BIOS.obj (.text:ti_sysbios_knl_Semaphore_Instance_init__E)
                  01007b24    00000024     release_pem4.oem4 (.text:ti_sysbios_knl_Semaphore_Object__delete__S)
                  01007b48    00000024     sysbios.aem4 : BIOS.obj (.text:ti_sysbios_knl_Task_restoreHwi__E)
                  01007b6c    00000004     --HOLE-- [fill = 0]
                  01007b70    00000024                  : BIOS.obj (.text:xdc_runtime_Error_policyMin__E)
                  01007b94    00000020     drivers_cc32xx.a : ADCCC32XX.oem4 (.text:ADCCC32XX_convertToMicroVolts)
                  01007bb4    00000020                      : PowerCC32XX.oem4 (.text:Power_unregisterNotify)
                  01007bd4    00000020                      : RingBuf.oem4 (.text:RingBuf_peek)
                  01007bf4    00000020                      : UARTCC32XX.oem4 (.text:getPowerMgrId)
                  01007c14    00000020     rtsv7M4_T_le_eabi.lib : u_tofd_t2.asm.obj (.text)
                  01007c34    00000020     release_pem4.oem4 (.text:ti_sysbios_BIOS_rtsLock__I)
                  01007c54    00000020     release_pem4.oem4 (.text:ti_sysbios_family_arm_m3_Hwi_Object__delete__S)
                  01007c74    00000004     --HOLE-- [fill = 0]
                  01007c78    00000020     sysbios.aem4 : BIOS.obj (.text:ti_sysbios_family_arm_m3_Hwi_clearInterrupt__E)
                  01007c98    00000020     release_pem4.oem4 (.text:ti_sysbios_gates_GateHwi_Object__delete__S)
                  01007cb8    00000020     release_pem4.oem4 (.text:ti_sysbios_heaps_HeapMem_Object__delete__S)
                  01007cd8    00000020     sysbios.aem4 : BIOS.obj (.text:ti_sysbios_knl_Idle_run__E)
                  01007cf8    00000020     release_pem4.oem4 (.text:ti_sysbios_knl_Semaphore_destruct)
                  01007d18    00000020     release_pem4.oem4 (.text:ti_sysbios_knl_Task_Object__delete__S)
                  01007d38    0000001e     driverlib.a : timer.obj (.text:TimerDisable)
                  01007d56    0000001e                 : timer.obj (.text:TimerEnable)
                  01007d74    0000001e     sysbios.aem4 : m3_Hwi_asm_switch.obj (.text:ti_sysbios_family_xxx_Hwi_switchAndRunFunc)
                  01007d92    00000002     --HOLE-- [fill = 0]
                  01007d94    0000001c     driverlib.a : pin.obj (.text:PinToPadGet)
                  01007db0    0000001c     sysbios.aem4 : BIOS.obj (.text:ti_sysbios_family_arm_m3_Hwi_excHandler__I)
                  01007dcc    00000004     --HOLE-- [fill = 0]
                  01007dd0    0000001c                  : BIOS.obj (.text:ti_sysbios_family_arm_m3_Timer_Module_startup__E)
                  01007dec    00000004     --HOLE-- [fill = 0]
                  01007df0    0000001c                  : BIOS.obj (.text:ti_sysbios_family_arm_m3_Timer_stop__E)
                  01007e0c    00000004     --HOLE-- [fill = 0]
                  01007e10    0000001c                  : BIOS.obj (.text:ti_sysbios_gates_GateMutex_Instance_init__E)
                  01007e2c    00000004     --HOLE-- [fill = 0]
                  01007e30    0000001c                  : BIOS.obj (.text:ti_sysbios_knl_Clock_Instance_finalize__E)
                  01007e4c    0000001c     release_pem4.oem4 (.text:ti_sysbios_knl_Queue_destruct)
                  01007e68    0000001c     sysbios.aem4 : BIOS.obj (.text:ti_sysbios_knl_Queue_put__E)
                  01007e84    00000004     --HOLE-- [fill = 0]
                  01007e88    0000001c                  : BIOS.obj (.text:ti_sysbios_knl_Task_enter__I)
                  01007ea4    00000004     --HOLE-- [fill = 0]
                  01007ea8    0000001c                  : BIOS.obj (.text:ti_sysbios_rts_ti_ReentSupport_getReent__F)
                  01007ec4    0000001a                  : m3_Hwi_asm.obj (.text:ti_sysbios_family_arm_m3_Hwi_pendSV__I)
                  01007ede    00000002     --HOLE-- [fill = 0]
                  01007ee0    00000018     drivers_cc32xx.a : PowerCC32XX.oem4 (.text:Power_getTransitionLatency)
                  01007ef8    00000018                      : PowerCC32XX.oem4 (.text:Power_idleFunc)
                  01007f10    00000018                      : TimerCC32XX.oem4 (.text:TimerCC32XX_getCount)
                  01007f28    00000018     driverlib.a : timer.obj (.text:TimerIntDisable)
                  01007f40    00000018                 : timer.obj (.text:TimerIntEnable)
                  01007f58    00000018                 : uart.obj (.text:UARTBusy)
                  01007f70    00000018                 : uart.obj (.text:UARTIntEnable)
                  01007f88    00000018     drivers_cc32xx.a : UART.oem4 (.text:UART_Params_init)
                  01007fa0    00000018     rtsv7M4_T_le_eabi.lib : args_main.c.obj (.text:_args_main)
                  01007fb8    00000018                           : ll_mul_t2.asm.obj (.text)
                  01007fd0    00000018     release_pem4.oem4 (.text:ti_sysbios_BIOS_rtsUnlock__I)
                  01007fe8    00000018     release_pem4.oem4 (.text:ti_sysbios_family_arm_m3_Hwi_Module__startupDone__F)
                  01008000    00000018     release_pem4.oem4 (.text:ti_sysbios_family_arm_m3_Timer_Module__startupDone__F)
                  01008018    00000018     sysbios.aem4 : BIOS.obj (.text:ti_sysbios_gates_GateMutex_leave__E)
                  01008030    00000018     release_pem4.oem4 (.text:ti_sysbios_rts_ti_ReentSupport_getTlsAddr__I)
                  01008048    00000018     sysbios.aem4 : BIOS.obj (.text:xdc_runtime_Error_init__E)
                  01008060    00000018                  : BIOS.obj (.text:xdc_runtime_System_exit__E)
                  01008078    00000016     display.a : DisplayUart.oem4 (.text:DisplayUartMin_close)
                  0100808e    00000016     driverlib.a : prcm.obj (.text:PRCMHIBRegRead)
                  010080a4    00000016                 : prcm.obj (.text:PRCMHIBRegWrite)
                  010080ba    00000016     release_pem4.oem4 (.text:ti_sysbios_BIOS_exitFunc__I)
                  010080d0    00000014     drivers_cc32xx.a : PowerCC32XX.oem4 (.text:Power_getDependencyCount)
                  010080e4    00000004     --HOLE-- [fill = 0]
                  010080e8    00000014     sysbios.aem4 : BIOS.obj (.text:pthread_attr_setschedparam)
                  010080fc    00000014     drivers_cc32xx.a : UARTCC32XX.oem4 (.text:releasePowerConstraint)
                  01008110    00000014     rtsv7M4_T_le_eabi.lib : strlen.c.obj (.text:strlen)
                  01008124    00000014     release_pem4.oem4 (.text:ti_sysbios_family_arm_m3_Hwi_Object__get__S)
                  01008138    00000014     sysbios.aem4 : BIOS.obj (.text:ti_sysbios_family_arm_m3_Hwi_switchFromBootStack__E)
                  0100814c    00000014     release_pem4.oem4 (.text:ti_sysbios_heaps_HeapMem_Object__get__S)
                  01008160    00000014     sysbios.aem4 : BIOS.obj (.text:ti_sysbios_knl_Clock_tickReconfig__E)
                  01008174    00000014     release_pem4.oem4 (.text:ti_sysbios_knl_Swi_Object__get__S)
                  01008188    00000012     drivers_cc32xx.a : RingBuf.oem4 (.text:RingBuf_construct)
                  0100819a    00000012     dpl_cc32xx.a : SemaphoreP_tirtos.oem4 (.text:SemaphoreP_pend)
                  010081ac    00000012     driverlib.a : timer.obj (.text:TimerIntClear)
                  010081be    00000002     --HOLE-- [fill = 0]
                  010081c0    00000012     sysbios.aem4 : BIOS.obj (.text:_pthread_runStub$43)
                  010081d2    00000006     display.a : DisplayUart.oem4 (.text:DisplayUartMin_getType)
                  010081d8    00000012     sysbios.aem4 : BIOS.obj (.text:ti_sysbios_hal_Hwi_Module_startup__E)
                  010081ea    00000012     release_pem4.oem4 (.text:xdc_runtime_Startup_exec__I)
                  010081fc    00000010     ti_drivers_config.obj (.text:Board_init)
                  0100820c    00000010     dpl_cc32xx.a : HwiP_tirtos.oem4 (.text:HwiP_Params_init)
                  0100821c    00000010     drivers_cc32xx.a : Timer.oem4 (.text:Timer_Params_init)
                  0100822c    00000010                      : UARTCC32XX.oem4 (.text:readBlockingTimeout)
                  0100823c    00000004     --HOLE-- [fill = 0]
                  01008240    00000010     sysbios.aem4 : BIOS.obj (.text:ti_sysbios_BIOS_getCpuFreq__E)
                  01008250    00000010                  : BIOS.obj (.text:ti_sysbios_BIOS_setThreadType__E)
                  01008260    00000010                  : BIOS.obj (.text:ti_sysbios_BIOS_start__E)
                  01008270    00000010                  : m3_TaskSupport_asm.obj (.text:ti_sysbios_family_arm_m3_TaskSupport_glue)
                  01008280    00000010                  : m3_TaskSupport_asm.obj (.text:ti_sysbios_family_arm_m3_TaskSupport_swap__E)
                  01008290    00000010                  : BIOS.obj (.text:ti_sysbios_gates_GateMutex_Instance_finalize__E)
                  010082a0    00000010     release_pem4.oem4 (.text:ti_sysbios_knl_Mailbox_Object__get__S)
                  010082b0    00000010     sysbios.aem4 : BIOS.obj (.text:ti_sysbios_knl_Semaphore_Instance_finalize__E)
                  010082c0    00000010                  : BIOS.obj (.text:ti_sysbios_knl_Swi_disable__E)
                  010082d0    00000010     release_pem4.oem4 (.text:ti_sysbios_knl_Task_Object__get__S)
                  010082e0    00000010     sysbios.aem4 : BIOS.obj (.text:ti_sysbios_knl_Task_disable__E)
                  010082f0    00000010                  : BIOS.obj (.text:xdc_runtime_Memory_free__E)
                  01008300    00000010                  : BIOS.obj (.text:xdc_runtime_SysCallback_abort__E)
                  01008310    00000010                  : BIOS.obj (.text:xdc_runtime_SysCallback_exit__E)
                  01008320    00000010                  : BIOS.obj (.text:xdc_runtime_SysCallback_putch__E)
                  01008330    00000010                  : BIOS.obj (.text:xdc_runtime_SysCallback_ready__E)
                  01008340    00000010                  : BIOS.obj (.text:xdc_runtime_System_vsnprintf__E)
                  01008350    0000000e     drivers_cc32xx.a : RingBuf.oem4 (.text:RingBuf_isFull)
                  0100835e    0000000e     rtsv7M4_T_le_eabi.lib : copy_decompress_none.c.obj (.text:decompress:none:__TI_decompress_none)
                  0100836c    00000004     --HOLE-- [fill = 0]
                  01008370    0000000e     sysbios.aem4 : BIOS.obj (.text:pthread_attr_setdetachstate)
                  0100837e    00000002     --HOLE-- [fill = 0]
                  01008380    0000000e                  : BIOS.obj (.text:ti_sysbios_knl_Idle_loop__E)
                  0100838e    00000002     --HOLE-- [fill = 0]
                  01008390    0000000e                  : BIOS.obj (.text:ti_sysbios_knl_Queue_empty__E)
                  0100839e    0000000c     dpl_cc32xx.a : ClockP_tirtos.oem4 (.text:ClockP_delete)
                  010083aa    0000000c                  : HwiP_tirtos.oem4 (.text:HwiP_delete)
                  010083b6    00000002     --HOLE-- [fill = 0]
                  010083b8    0000000c     drivers_cc32xx.a : PowerCC32XX.oem4 (.text:Power_getConstraintMask)
                  010083c4    0000000c     dpl_cc32xx.a : SemaphoreP_tirtos.oem4 (.text:SemaphoreP_delete)
                  010083d0    0000000c     rtsv7M4_T_le_eabi.lib : _lock.c.obj (.text:_register_lock)
                  010083dc    0000000c                           : _lock.c.obj (.text:_register_unlock)
                  010083e8    0000000c                           : s_copysign.c.obj (.text:copysign)
                  010083f4    0000000c                           : copy_zero_init.c.obj (.text:decompress:ZI:__TI_zero_init)
                  01008400    0000000c     drivers_cc32xx.a : TimerCC32XX.oem4 (.text:postNotifyFxn)
                  0100840c    0000000c                      : UARTCC32XX.oem4 (.text:postNotifyFxn)
                  01008418    0000000c     release_pem4.oem4 (.text:ti_sysbios_family_arm_m3_Hwi_Params__init__S)
                  01008424    00000004     --HOLE-- [fill = 0]
                  01008428    0000000c     sysbios.aem4 : BIOS.obj (.text:ti_sysbios_family_arm_m3_Hwi_disableFxn__E)
                  01008434    00000004     --HOLE-- [fill = 0]
                  01008438    0000000c                  : BIOS.obj (.text:ti_sysbios_family_arm_m3_TaskSupport_getStackAlignment__E)
                  01008444    00000004     --HOLE-- [fill = 0]
                  01008448    0000000c                  : BIOS.obj (.text:ti_sysbios_gates_GateHwi_enter__E)
                  01008454    0000000c     release_pem4.oem4 (.text:ti_sysbios_knl_Clock_Params__init__S)
                  01008460    0000000c     sysbios.aem4 : BIOS.obj (.text:ti_sysbios_knl_Clock_getTicks__E)
                  0100846c    00000004     --HOLE-- [fill = 0]
                  01008470    0000000c                  : BIOS.obj (.text:ti_sysbios_knl_Clock_setTicks__E)
                  0100847c    00000004     --HOLE-- [fill = 0]
                  01008480    0000000c                  : BIOS.obj (.text:ti_sysbios_knl_Clock_tickStart__E)
                  0100848c    00000004     --HOLE-- [fill = 0]
                  01008490    0000000c                  : BIOS.obj (.text:ti_sysbios_knl_Clock_tickStop__E)
                  0100849c    0000000c     release_pem4.oem4 (.text:ti_sysbios_knl_Queue_Object__get__S)
                  010084a8    0000000c     release_pem4.oem4 (.text:ti_sysbios_knl_Semaphore_Params__init__S)
                  010084b4    0000000c     release_pem4.oem4 (.text:ti_sysbios_knl_Task_Params__init__S)
                  010084c0    0000000c     sysbios.aem4 : BIOS.obj (.text:ti_sysbios_knl_Task_self__E)
                  010084cc    00000004     --HOLE-- [fill = 0]
                  010084d0    0000000c                  : BIOS.obj (.text:ti_sysbios_rts_ti_ReentSupport_taskRegHook__I)
                  010084dc    00000004     --HOLE-- [fill = 0]
                  010084e0    0000000c                  : BIOS.obj (.text:xdc_runtime_Startup_rtsDone__E)
                  010084ec    0000000a     drivers_cc32xx.a : ADC.oem4 (.text:ADC_Params_init)
                  010084f6    0000000a                      : ADC.oem4 (.text:ADC_close)
                  01008500    0000000a                      : ADC.oem4 (.text:ADC_convert)
                  0100850a    0000000a     dpl_cc32xx.a : ClockP_tirtos.oem4 (.text:ClockP_Params_init)
                  01008514    0000000a     drivers_cc32xx.a : Timer.oem4 (.text:Timer_getCount)
                  0100851e    0000000a                      : Timer.oem4 (.text:Timer_start)
                  01008528    0000000a                      : UART.oem4 (.text:UART_close)
                  01008532    0000000a                      : UART.oem4 (.text:UART_control)
                  0100853c    0000000a                      : UART.oem4 (.text:UART_write)
                  01008546    0000000a     release_pem4.oem4 (.text:xdc_runtime_IHeap_alloc)
                  01008550    0000000a     release_pem4.oem4 (.text:xdc_runtime_IHeap_free)
                  0100855a    00000008     drivers_cc32xx.a : ADCCC32XX.oem4 (.text:ADCCC32XX_init)
                  01008562    00000008     dpl_cc32xx.a : SemaphoreP_tirtos.oem4 (.text:SemaphoreP_Params_init)
                  0100856a    00000006     drivers_cc32xx.a : TimerCC32XX.oem4 (.text:TimerCC32XX_control)
                  01008570    00000008     sysbios.aem4 : BIOS.obj (.text:pthread_attr_setstacksize)
                  01008578    00000008     drivers_cc32xx.a : UARTCC32XX.oem4 (.text:readSemCallback)
                  01008580    00000008     sysbios.aem4 : BIOS.obj (.text:ti_sysbios_family_arm_m3_Hwi_doSwiRestore__I)
                  01008588    00000008                  : BIOS.obj (.text:ti_sysbios_family_arm_m3_Hwi_startup__E)
                  01008590    00000008     drivers_cc32xx.a : UARTCC32XX.oem4 (.text:writeSemCallback)
                  01008598    00000006     driverlib.a : utils.obj (.text:UtilsDelay)
                  0100859e    00000002     --HOLE-- [fill = 0]
                  010085a0    00000006     sysbios.aem4 : BIOS.obj (.text:ti_sysbios_family_arm_m3_Hwi_doTaskRestore__I)
                  010085a6    00000002     --HOLE-- [fill = 0]
                  010085a8    00000006                  : BIOS.obj (.text:ti_sysbios_family_arm_m3_Hwi_restoreFxn__E)
                  010085ae    00000002     --HOLE-- [fill = 0]
                  010085b0    00000006                  : BIOS.obj (.text:ti_sysbios_gates_GateHwi_leave__E)
                  010085b6    00000002     --HOLE-- [fill = 0]
                  010085b8    00000006                  : BIOS.obj (.text:ti_sysbios_heaps_HeapMem_isBlocking__E)
                  010085be    00000002     --HOLE-- [fill = 0]
                  010085c0    00000006                  : BIOS.obj (.text:ti_sysbios_knl_Clock_stop__E)
                  010085c6    00000002     --HOLE-- [fill = 0]
                  010085c8    00000006                  : BIOS.obj (.text:ti_sysbios_knl_Queue_Instance_init__E)
                  010085ce    00000002     --HOLE-- [fill = 0]
                  010085d0    00000006                  : BIOS.obj (.text:ti_sysbios_knl_Swi_startup__E)
                  010085d6    00000002     --HOLE-- [fill = 0]
                  010085d8    00000006                  : BIOS.obj (.text:xdc_runtime_System_Module_startup__E)
                  010085de    00000002     --HOLE-- [fill = 0]
                  010085e0    00000004                  : BIOS.obj (.text:__aeabi_errno_addr)
                  010085e4    00000004     --HOLE-- [fill = 0]
                  010085e8    00000004                  : BIOS.obj (.text:ti_sysbios_family_arm_m3_Timer_getMaxTicks__E)
                  010085ec    00000004     --HOLE-- [fill = 0]
                  010085f0    00000004                  : BIOS.obj (.text:ti_sysbios_gates_GateHwi_query__E)
                  010085f4    00000004     --HOLE-- [fill = 0]
                  010085f8    00000004                  : BIOS.obj (.text:ti_sysbios_gates_GateMutex_query__E)
                  010085fc    00000004     --HOLE-- [fill = 0]
                  01008600    00000004                  : BIOS.obj (.text:ti_sysbios_knl_Clock_setTimeout__E)
                  01008604    00000004     --HOLE-- [fill = 0]
                  01008608    00000004                  : BIOS.obj (.text:ti_sysbios_knl_Task_startup__E)
                  0100860c    00000004     --HOLE-- [fill = 0]
                  01008610    00000004                  : BIOS.obj (.text:xdc_runtime_SysCallback_defaultReady)
                  01008614    00000004     --HOLE-- [fill = 0]
                  01008618    00000002                  : BIOS.obj (.text:ti_sysbios_BIOS_linkedWithIncorrectBootLibrary__E)
                  0100861a    00000006     --HOLE-- [fill = 0]
                  01008620    00000002                  : BIOS.obj (.text:ti_sysbios_gates_GateHwi_Instance_init__E)
                  01008622    00000006     --HOLE-- [fill = 0]
                  01008628    00000002                  : BIOS.obj (.text:ti_sysbios_knl_Clock_logTick__E)
                  0100862a    00000006     --HOLE-- [fill = 0]
                  01008630    00000002                  : BIOS.obj (.text:xdc_runtime_SysCallback_defaultAbort)
                  01008632    00000006     --HOLE-- [fill = 0]
                  01008638    00000002                  : BIOS.obj (.text:xdc_runtime_SysCallback_defaultExit)
                  0100863a    00000006     --HOLE-- [fill = 0]
                  01008640    00000002                  : BIOS.obj (.text:xdc_runtime_SysCallback_defaultPutch)
                  01008642    00000006     --HOLE-- [fill = 0]
                  01008648    00000002                  : BIOS.obj (.text:xdc_runtime_System_abortSpin__E)
                  0100864a    00000006     --HOLE-- [fill = 0]
                  01008650    00000002                  : BIOS.obj (.text:xdc_runtime_System_exitSpin__E)

.const     0    01008658    000007b7     
                  01008658    00000100     driverlib.a : pin.obj (.const:g_ulPinToPadMap)
                  01008758    000000a8                 : prcm.obj (.const:PRCM_PeriphRegsList)
                  01008800    00000044     ti_drivers_config.obj (.const:PowerCC32XX_config)
                  01008844    0000003c     release_pem4.oem4 (.const:ti_sysbios_knl_Task_Object__PARAMS__C)
                  01008880    00000030     rtsv7M4_T_le_eabi.lib : e_pow.c.obj (.const:$O1$$)
                  010088b0    00000030     release_pem4.oem4 (.const:ti_sysbios_family_arm_m3_Hwi_Object__PARAMS__C)
                  010088e0    00000028     drivers_cc32xx.a : UARTCC32XX.oem4 (.const:UARTCC32XX_fxnTable)
                  01008908    00000028     release_pem4.oem4 (.const:ti_sysbios_heaps_HeapMem_Module__FXNS__C)
                  01008930    00000024     ti_drivers_config.obj (.const:ADC_config)
                  01008954    00000024     drivers_cc32xx.a : UART.oem4 (.const:UART_defaultParams)
                  01008978    00000024     release_pem4.oem4 (.const:ti_sysbios_gates_GateHwi_Module__FXNS__C)
                  0100899c    00000024     release_pem4.oem4 (.const:ti_sysbios_gates_GateMutex_Module__FXNS__C)
                  010089c0    00000024     release_pem4.oem4 (.const:ti_sysbios_heaps_HeapMem_Object__PARAMS__C)
                  010089e4    00000024     release_pem4.oem4 (.const:ti_sysbios_knl_Clock_Object__PARAMS__C)
                  01008a08    00000024     release_pem4.oem4 (.const:ti_sysbios_knl_Semaphore_Object__PARAMS__C)
                  01008a2c    00000024     ti_drivers_config.obj (.const:uartCC32XXHWAttrs0)
                  01008a50    00000024     release_pem4.oem4 (.const:xdc_runtime_Startup_sfxnTab__A)
                  01008a74    00000020     display.a : DisplayUart.oem4 (.const:DisplayUartMin_fxnTable)
                  01008a94    00000020     drivers_cc32xx.a : TimerCC32XX.oem4 (.const:TimerCC32XX_fxnTable)
                  01008ab4    00000020                      : UARTCC32XX.oem4 (.const:staticFxnTable)
                  01008ad4    00000020     release_pem4.oem4 (.const:ti_sysbios_family_arm_m3_Hwi_Object__DESC__C)
                  01008af4    00000020     release_pem4.oem4 (.const:ti_sysbios_gates_GateHwi_Object__DESC__C)
                  01008b14    00000020     release_pem4.oem4 (.const:ti_sysbios_gates_GateMutex_Object__DESC__C)
                  01008b34    00000020     release_pem4.oem4 (.const:ti_sysbios_heaps_HeapMem_Object__DESC__C)
                  01008b54    00000020     release_pem4.oem4 (.const:ti_sysbios_knl_Clock_Object__DESC__C)
                  01008b74    00000020     release_pem4.oem4 (.const:ti_sysbios_knl_Queue_Object__DESC__C)
                  01008b94    00000020     release_pem4.oem4 (.const:ti_sysbios_knl_Semaphore_Object__DESC__C)
                  01008bb4    00000020     release_pem4.oem4 (.const:ti_sysbios_knl_Task_Object__DESC__C)
                  01008bd4    00000018     drivers_cc32xx.a : ADCCC32XX.oem4 (.const:ADCCC32XX_fxnTable)
                  01008bec    00000018     release_pem4.oem4 (.const:ti_sysbios_gates_GateHwi_Object__PARAMS__C)
                  01008c04    00000018     release_pem4.oem4 (.const:ti_sysbios_gates_GateMutex_Object__PARAMS__C)
                  01008c1c    00000018     release_pem4.oem4 (.const:ti_sysbios_knl_Queue_Object__PARAMS__C)
                  01008c34    00000018     release_pem4.oem4 (.const:ti_sysbios_knl_Task_hooks__A)
                  01008c4c    00000014     ti_drivers_config.obj (.const:displayUartHWAttrs)
                  01008c60    00000014     drivers_cc32xx.a : UARTCC32XX.oem4 (.const:parityType)
                  01008c74    00000012     release_pem4.oem4 (.const:xdc_runtime_Startup_sfxnRts__A)
                  01008c86    00000002     release_pem4.oem4 (.const:ti_sysbios_family_arm_m3_Hwi_Module__id__C)
                  01008c88    00000010     drivers_cc32xx.a : UARTCC32XX.oem4 (.const:dataLength)
                  01008c98    00000010     ti_drivers_config.obj (.const:timerCC32XXHWAttrs)
                  01008ca8    0000000c     ti_drivers_config.obj (.const:Display_config)
                  01008cb4    0000000c     ti_drivers_config.obj (.const:Timer_config)
                  01008cc0    0000000c     ti_drivers_config.obj (.const:UART_config)
                  01008ccc    0000000c     ti_drivers_config.obj (.const:adcCC32XXHWAttrs)
                  01008cd8    0000000c     drivers_cc32xx.a : Timer.oem4 (.const:defaultParams)
                  01008ce4    0000000c     release_pem4.oem4 (.const:xdc_runtime_Startup_firstFxns__A)
                  01008cf0    00000009     ti_drivers_config.obj (.const)
                  01008cf9    00000001     display.a : Display.oem4 (.const:Display_defaultParams)
                  01008cfa    00000002     release_pem4.oem4 (.const:ti_sysbios_family_arm_m3_Timer_Module__id__C)
                  01008cfc    00000008     drivers_cc32xx.a : ADC.oem4 (.const:ADC_defaultParams)
                  01008d04    00000008                      : UARTCC32XX.oem4 (.const:stopBits)
                  01008d0c    00000008     release_pem4.oem4 (.const:ti_sysbios_knl_Idle_funcList__A)
                  01008d14    00000008     release_pem4.oem4 (.const:ti_sysbios_knl_Idle_funcList__C)
                  01008d1c    00000008     release_pem4.oem4 (.const:ti_sysbios_knl_Task_hooks__C)
                  01008d24    00000008     release_pem4.oem4 (.const:xdc_runtime_Startup_firstFxns__C)
                  01008d2c    00000008     release_pem4.oem4 (.const:xdc_runtime_Startup_lastFxns__C)
                  01008d34    00000004     release_pem4.oem4 (.const:ti_sysbios_family_arm_m3_Hwi_E_alreadyDefined__C)
                  01008d38    00000004     release_pem4.oem4 (.const:ti_sysbios_family_arm_m3_Hwi_E_badIntNum__C)
                  01008d3c    00000004     release_pem4.oem4 (.const:ti_sysbios_family_arm_m3_Hwi_NUM_INTERRUPTS__C)
                  01008d40    00000004     release_pem4.oem4 (.const:ti_sysbios_family_arm_m3_Hwi_Object__count__C)
                  01008d44    00000004     release_pem4.oem4 (.const:ti_sysbios_family_arm_m3_Hwi_ccr__C)
                  01008d48    00000004     release_pem4.oem4 (.const:ti_sysbios_family_arm_m3_Hwi_excHandlerFunc__C)
                  01008d4c    00000004     release_pem4.oem4 (.const:ti_sysbios_family_arm_m3_Hwi_nullIsrFunc__C)
                  01008d50    00000004     release_pem4.oem4 (.const:ti_sysbios_family_arm_m3_Hwi_priGroup__C)
                  01008d54    00000004     release_pem4.oem4 (.const:ti_sysbios_family_arm_m3_Hwi_swiDisable__C)
                  01008d58    00000004     release_pem4.oem4 (.const:ti_sysbios_family_arm_m3_Hwi_swiRestore__C)
                  01008d5c    00000004     release_pem4.oem4 (.const:ti_sysbios_family_arm_m3_TaskSupport_stackAlignment__C)
                  01008d60    00000004     release_pem4.oem4 (.const:ti_sysbios_family_arm_m3_Timer_E_cannotSupport__C)
                  01008d64    00000004     release_pem4.oem4 (.const:ti_sysbios_family_arm_m3_Timer_startupNeeded__C)
                  01008d68    00000004     release_pem4.oem4 (.const:ti_sysbios_gates_GateMutex_Instance_State_sem__O)
                  01008d6c    00000004     release_pem4.oem4 (.const:ti_sysbios_heaps_HeapMem_E_memory__C)
                  01008d70    00000004     release_pem4.oem4 (.const:ti_sysbios_heaps_HeapMem_Module__gateObj__C)
                  01008d74    00000004     release_pem4.oem4 (.const:ti_sysbios_heaps_HeapMem_Object__count__C)
                  01008d78    00000004     release_pem4.oem4 (.const:ti_sysbios_heaps_HeapMem_primaryHeapBaseAddr__C)
                  01008d7c    00000004     release_pem4.oem4 (.const:ti_sysbios_heaps_HeapMem_primaryHeapEndAddr__C)
                  01008d80    00000004     release_pem4.oem4 (.const:ti_sysbios_heaps_HeapMem_reqAlign__C)
                  01008d84    00000004     release_pem4.oem4 (.const:ti_sysbios_knl_Clock_Module_State_clockQ__O)
                  01008d88    00000004     release_pem4.oem4 (.const:ti_sysbios_knl_Clock_tickPeriod__C)
                  01008d8c    00000004     release_pem4.oem4 (.const:ti_sysbios_knl_Mailbox_Instance_State_freeQue__O)
                  01008d90    00000004     release_pem4.oem4 (.const:ti_sysbios_knl_Mailbox_Object__count__C)
                  01008d94    00000004     release_pem4.oem4 (.const:ti_sysbios_knl_Mailbox_maxTypeAlign__C)
                  01008d98    00000004     release_pem4.oem4 (.const:ti_sysbios_knl_Semaphore_Instance_State_pendQ__O)
                  01008d9c    00000004     release_pem4.oem4 (.const:ti_sysbios_knl_Swi_Object__count__C)
                  01008da0    00000004     release_pem4.oem4 (.const:ti_sysbios_knl_Task_Module_State_inactiveQ__O)
                  01008da4    00000004     release_pem4.oem4 (.const:ti_sysbios_knl_Task_Object__count__C)
                  01008da8    00000004     release_pem4.oem4 (.const:ti_sysbios_knl_Task_Object__heap__C)
                  01008dac    00000004     release_pem4.oem4 (.const:ti_sysbios_knl_Task_allBlockedFunc__C)
                  01008db0    00000004     release_pem4.oem4 (.const:ti_sysbios_knl_Task_defaultStackHeap__C)
                  01008db4    00000004     release_pem4.oem4 (.const:ti_sysbios_knl_Task_defaultStackSize__C)
                  01008db8    00000004     release_pem4.oem4 (.const:ti_sysbios_knl_Task_numConstructedTasks__C)
                  01008dbc    00000004     release_pem4.oem4 (.const:xdc_runtime_Error_E_memory__C)
                  01008dc0    00000004     release_pem4.oem4 (.const:xdc_runtime_Error_policyFxn__C)
                  01008dc4    00000004     release_pem4.oem4 (.const:xdc_runtime_IGateProvider_Interface__BASE__C)
                  01008dc8    00000004     release_pem4.oem4 (.const:xdc_runtime_IHeap_Interface__BASE__C)
                  01008dcc    00000004     release_pem4.oem4 (.const:xdc_runtime_IModule_Interface__BASE__C)
                  01008dd0    00000004     release_pem4.oem4 (.const:xdc_runtime_Memory_defaultHeapInstance__C)
                  01008dd4    00000004     release_pem4.oem4 (.const:xdc_runtime_Startup_execImpl__C)
                  01008dd8    00000004     release_pem4.oem4 (.const:xdc_runtime_Startup_maxPasses__C)
                  01008ddc    00000004     release_pem4.oem4 (.const:xdc_runtime_Startup_sfxnRts__C)
                  01008de0    00000004     release_pem4.oem4 (.const:xdc_runtime_Startup_sfxnTab__C)
                  01008de4    00000004     release_pem4.oem4 (.const:xdc_runtime_SysCallback_abortFxn__C)
                  01008de8    00000004     release_pem4.oem4 (.const:xdc_runtime_SysCallback_exitFxn__C)
                  01008dec    00000004     release_pem4.oem4 (.const:xdc_runtime_SysCallback_putchFxn__C)
                  01008df0    00000004     release_pem4.oem4 (.const:xdc_runtime_SysCallback_readyFxn__C)
                  01008df4    00000004     release_pem4.oem4 (.const:xdc_runtime_System_Module__gateObj__C)
                  01008df8    00000004     release_pem4.oem4 (.const:xdc_runtime_System_abortFxn__C)
                  01008dfc    00000004     release_pem4.oem4 (.const:xdc_runtime_System_exitFxn__C)
                  01008e00    00000004     release_pem4.oem4 (.const:xdc_runtime_System_extendFxn__C)
                  01008e04    00000004     release_pem4.oem4 (.const:xdc_runtime_System_maxAtexitHandlers__C)
                  01008e08    00000002     release_pem4.oem4 (.const:ti_sysbios_heaps_HeapMem_Module__id__C)
                  01008e0a    00000002     release_pem4.oem4 (.const:xdc_runtime_Memory_Module__id__C)
                  01008e0c    00000001     release_pem4.oem4 (.const:ti_sysbios_knl_Clock_tickMode__C)
                  01008e0d    00000001     release_pem4.oem4 (.const:ti_sysbios_knl_Clock_tickSource__C)
                  01008e0e    00000001     release_pem4.oem4 (.const:xdc_runtime_Error_policy__C)

.cinit     0    01008e10    00000260     
                  01008e10    00000225     (.cinit..data.load) [load image, compression = lzss]
                  01009035    00000003     --HOLE-- [fill = 0]
                  01009038    0000000c     (__TI_handler_table)
                  01009044    00000004     --HOLE-- [fill = 0]
                  01009048    00000008     (.cinit..bss.load) [load image, compression = zero_init]
                  01009050    00000008     (.cinit..vecs.load) [load image, compression = zero_init]
                  01009058    00000018     (__TI_cinit_table)

.init_array 
*          0    01000800    00000000     UNINITIALIZED

.vecs      0    20000000    0000030c     UNINITIALIZED
                  20000000    0000030c     release_pem4.oem4 (.vecs)

.bss       0    20008310    00000b2c     UNINITIALIZED
                  20008310    00000400     ti_drivers_config.obj (.bss:displayUARTBuffer)
                  20008710    0000030c     (.common:ti_sysbios_family_arm_m3_Hwi_dispatchTable)
                  20008a1c    00000004     adcsinglechannel.obj (.bss)
                  20008a20    00000200     release_pem4.oem4 (.bss:taskStackSection)
                  20008c20    0000012c     (.common:PowerCC32XX_contextSave)
                  20008d4c    00000084     (.common:uartCC32XXObjects0)
                  20008dd0    00000034     (.common:timerCC32XXObjects)
                  20008e04    00000020     ti_drivers_config.obj (.bss:uartCC32XXRingBuffer0)
                  20008e24    0000000c     (.common:displayUartObject)
                  20008e30    00000004     drivers_cc32xx.a : TimerCC32XX.oem4 (.bss:timerState)
                  20008e34    00000004     (.common:adcCC32XXObjects)
                  20008e38    00000004     (.common:ti_sysbios_knl_Task_Instance_State_0_hookEnv__A)

.data      0    20008e3c    000006b9     UNINITIALIZED
                  20008e3c    0000016c     drivers_cc32xx.a : PowerCC32XX.oem4 (.data:PowerCC32XX_module)
                  20008fa8    000000f8     ti_drivers_config.obj (.data:parkInfo)
                  200090a0    00000088     sysbios.aem4 : BIOS.obj (.data:$O1$$)
                  20009128    00000080     release_pem4.oem4 (.data:ti_sysbios_knl_Swi_Module_State_0_readyQ__A)
                  200091a8    00000080     release_pem4.oem4 (.data:ti_sysbios_knl_Task_Module_State_0_readyQ__A)
                  20009228    00000054     release_pem4.oem4 (.data:ti_sysbios_gates_GateMutex_Object__table__V)
                  2000927c    0000004c     release_pem4.oem4 (.data:ti_sysbios_knl_Task_Object__table__V)
                  200092c8    00000044     release_pem4.oem4 (.data:ti_sysbios_knl_Task_Module__state__V)
                  2000930c    00000034     release_pem4.oem4 (.data:ti_sysbios_family_arm_m3_Hwi_Module__state__V)
                  20009340    00000030     release_pem4.oem4 (.data:ti_sysbios_family_arm_m3_Timer_Object__table__V)
                  20009370    00000030     release_pem4.oem4 (.data:ti_sysbios_knl_Swi_Object__table__V)
                  200093a0    0000002c     release_pem4.oem4 (.data:ti_sysbios_knl_Clock_Module__state__V)
                  200093cc    00000024     release_pem4.oem4 (.data:ti_sysbios_BIOS_Module__state__V)
                  200093f0    00000020     release_pem4.oem4 (.data:xdc_runtime_Error_IgnoreBlock)
                  20009410    0000001c     release_pem4.oem4 (.data:ti_sysbios_knl_Swi_Module__state__V)
                  2000942c    00000018     release_pem4.oem4 (.data:ti_sysbios_family_arm_m3_Hwi_Object__table__V)
                  20009444    00000018     release_pem4.oem4 (.data:ti_sysbios_heaps_HeapMem_Object__table__V)
                  2000945c    0000000c     release_pem4.oem4 (.data:ti_sysbios_family_arm_m3_Timer_Module__state__V)
                  20009468    00000008     rtsv7M4_T_le_eabi.lib : _lock.c.obj (.data:$O1$$)
                  20009470    00000008     drivers_cc32xx.a : ADCCC32XX.oem4 (.data:state)
                  20009478    00000008     release_pem4.oem4 (.data:ti_sysbios_family_arm_m3_Hwi_Module__root__V)
                  20009480    00000008     release_pem4.oem4 (.data:ti_sysbios_gates_GateHwi_Module__root__V)
                  20009488    00000008     release_pem4.oem4 (.data:ti_sysbios_gates_GateMutex_Module__root__V)
                  20009490    00000008     release_pem4.oem4 (.data:ti_sysbios_heaps_HeapMem_Module__root__V)
                  20009498    00000008     release_pem4.oem4 (.data:ti_sysbios_knl_Clock_Module__root__V)
                  200094a0    00000008     release_pem4.oem4 (.data:ti_sysbios_knl_Queue_Module__root__V)
                  200094a8    00000008     release_pem4.oem4 (.data:ti_sysbios_knl_Semaphore_Module__root__V)
                  200094b0    00000008     release_pem4.oem4 (.data:ti_sysbios_knl_Task_Module__root__V)
                  200094b8    00000008     release_pem4.oem4 (.data:xdc_runtime_Startup_Module__state__V)
                  200094c0    00000008     release_pem4.oem4 (.data:xdc_runtime_System_Module_State_0_atexitHandlers__A)
                  200094c8    00000008     release_pem4.oem4 (.data:xdc_runtime_System_Module__state__V)
                  200094d0    00000004     rtsv7M4_T_le_eabi.lib : stkdepth_vars.c.obj (.data)
                  200094d4    00000004     release_pem4.oem4 (.data:ti_sysbios_family_arm_m3_Hwi_Module_State_0_excContext__A)
                  200094d8    00000004     release_pem4.oem4 (.data:ti_sysbios_family_arm_m3_Hwi_Module_State_0_excStack__A)
                  200094dc    00000004     release_pem4.oem4 (.data:ti_sysbios_family_arm_m3_TimestampProvider_Module__state__V)
                  200094e0    00000004     release_pem4.oem4 (.data:ti_sysbios_gates_GateHwi_Object__table__V)
                  200094e4    00000004     release_pem4.oem4 (.data:ti_sysbios_knl_Task_Module_State_0_idleTask__A)
                  200094e8    00000004     release_pem4.oem4 (.data:ti_sysbios_rts_ti_ReentSupport_Module__state__V)
                  200094ec    00000004     release_pem4.oem4 (.data:xdc_runtime_Memory_Module__state__V)
                  200094f0    00000002     release_pem4.oem4 (.data:ti_sysbios_family_arm_m3_Hwi_Module_State_0_excActive__A)
                  200094f2    00000001     drivers_cc32xx.a : ADC.oem4 (.data)
                  200094f3    00000001                      : Timer.oem4 (.data)
                  200094f4    00000001                      : UART.oem4 (.data)

.priheap   0    20000310    00008000     UNINITIALIZED
                  20000310    00008000     --HOLE--

.stack     0    2003fc00    00000400     UNINITIALIZED
                  2003fc00    00000400     --HOLE--

.log_data 
*          0    90000000    00000000     COPY SECTION

.bootVecs 
*          0    00000000    00000008     DSECT
                  00000000    00000008     boot.aem4 : boot.oem4 (.bootVecs)

xdc.meta   0    00000000    00000121     COPY SECTION
                  00000000    00000121     release_pem4.oem4 (xdc.meta)

xdc.noload 
*          0    00000000    00000000     COPY SECTION

__llvm_prf_cnts 
*          0    20000000    00000000     UNINITIALIZED

.binit     0    01000000    00000000     

MODULE SUMMARY

       Module                       code    ro data   rw data
       ------                       ----    -------   -------
    .\
       adcsinglechannel.obj         1728    0         4      
       main_tirtos.obj              100     0         0      
    +--+----------------------------+-------+---------+---------+
       Total:                       1828    0         4      
                                                             
    .\syscfg\
       ti_drivers_config.obj        18      233       1504   
    +--+----------------------------+-------+---------+---------+
       Total:                       18      233       1504   
                                                             
    C:\Users\Jonah\Desktop\Jonah\1Senior\SDP\SDP-2020-Team30\ccs_workspace\tirtos_builds_cc32xx_release_ccs\Debug\configPkg\package\cfg\
       release_pem4.oem4            1940    1789      3026   
    +--+----------------------------+-------+---------+---------+
       Total:                       1940    1789      3026   
                                                             
    C:/ti/simplelink_cc32xx_sdk_4_30_00_06/kernel/tirtos/packages/ti/dpl/lib/ccs/m4/dpl_cc32xx.a
       PowerCC32XX_tirtos.oem4      446     0         0      
       SemaphoreP_tirtos.oem4       146     0         0      
       ClockP_tirtos.oem4           102     0         0      
       HwiP_tirtos.oem4             100     0         0      
       SystemP_tirtos.oem4          4       0         0      
    +--+----------------------------+-------+---------+---------+
       Total:                       798     0         0      
                                                             
    C:/ti/simplelink_cc32xx_sdk_4_30_00_06/source/ti/devices/cc32xx/driverlib/ccs/Release/driverlib.a
       prcm.obj                     1604    168       0      
       pin.obj                      280     256       0      
       timer.obj                    264     0         0      
       flash.obj                    72      0         0      
       uart.obj                     48      0         0      
       utils.obj                    6       0         0      
    +--+----------------------------+-------+---------+---------+
       Total:                       2274    424       0      
                                                             
    C:/ti/simplelink_cc32xx_sdk_4_30_00_06/source/ti/display/lib/ccs/m4/display.a
       DisplayUart.oem4             184     32        0      
       Display.oem4                 174     1         0      
    +--+----------------------------+-------+---------+---------+
       Total:                       358     33        0      
                                                             
    C:/ti/simplelink_cc32xx_sdk_4_30_00_06/source/ti/drivers/lib/ccs/m4/drivers_cc32xx.a
       UARTCC32XX.oem4              3466    116       0      
       PowerCC32XX.oem4             2368    0         664    
       TimerCC32XX.oem4             1132    32        4      
       ADCCC32XX.oem4               430     24        8      
       UART.oem4                    186     36        1      
       RingBuf.oem4                 198     0         0      
       Timer.oem4                   168     12        1      
       ADC.oem4                     162     8         1      
       PowerCC32XX_asm.oem4         150     0         0      
       List.oem4                    76      0         0      
    +--+----------------------------+-------+---------+---------+
       Total:                       8336    228       679    
                                                             
    C:\Users\Jonah\Desktop\Jonah\1Senior\SDP\SDP-2020-Team30\ccs_workspace\tirtos_builds_cc32xx_release_ccs\src\sysbios\sysbios.aem4
       BIOS.obj                     9365    0         136    
       m3_Hwi_asm.obj               270     0         0      
       m3_TaskSupport_asm.obj       108     0         0      
       m3_Hwi_asm_switch.obj        102     0         0      
    +--+----------------------------+-------+---------+---------+
       Total:                       9845    0         136    
                                                             
    C:\ti\ccs1011\ccs\tools\compiler\ti-cgt-arm_20.2.2.LTS\lib\rtsv7M4_T_le_eabi.lib
       e_pow.c.obj                  2492    48        0      
       fd_add_t2.asm.obj            438     0         0      
       e_sqrt.c.obj                 348     0         0      
       fd_div_t2.asm.obj            310     0         0      
       fd_cmp_t2.asm.obj            268     0         0      
       fd_mul_t2.asm.obj            252     0         0      
       s_scalbn.c.obj               208     0         0      
       memcpy_t2.asm.obj            156     0         0      
       ull_div_t2.asm.obj           150     0         0      
       fs_mul_t2.asm.obj            122     0         0      
       memset_t2.asm.obj            122     0         0      
       fd_tos_t2.asm.obj            110     0         0      
       copy_decompress_lzss.c.obj   104     0         0      
       cpy_tbl.c.obj                76      0         0      
       fd_toi_t2.asm.obj            72      0         0      
       fd_tou_t2.asm.obj            68      0         0      
       u_divt2.asm.obj              64      0         0      
       fs_tod_t2.asm.obj            56      0         0      
       i_tofs_t2.asm.obj            56      0         0      
       i_tofd_t2.asm.obj            46      0         0      
       u_tofs_t2.asm.obj            36      0         0      
       _lock.c.obj                  26      0         8      
       u_tofd_t2.asm.obj            32      0         0      
       args_main.c.obj              24      0         0      
       ll_mul_t2.asm.obj            24      0         0      
       strlen.c.obj                 20      0         0      
       copy_decompress_none.c.obj   14      0         0      
       copy_zero_init.c.obj         12      0         0      
       s_copysign.c.obj             12      0         0      
       stkdepth_vars.c.obj          0       0         4      
       div0.asm.obj                 2       0         0      
    +--+----------------------------+-------+---------+---------+
       Total:                       5720    48        12     
                                                             
    C:\ti\simplelink_cc32xx_sdk_4_30_00_06\kernel\tirtos\packages\ti\targets\arm\rtsarm\lib\auto_init.aem4
       auto_init.oem4               160     0         0      
    +--+----------------------------+-------+---------+---------+
       Total:                       160     0         0      
                                                             
    C:\ti\simplelink_cc32xx_sdk_4_30_00_06\kernel\tirtos\packages\ti\targets\arm\rtsarm\lib\boot.aem4
       boot.oem4                    68      0         0      
    +--+----------------------------+-------+---------+---------+
       Total:                       68      0         0      
                                                             
       Stack:                       0       0         1024   
       Linker Generated:            0       601       0      
    +--+----------------------------+-------+---------+---------+
       Grand Total:                 31345   3356      6385   


LINKER GENERATED COPY TABLES

__TI_cinit_table @ 01009058 records: 3, size/record: 8, table size: 24
	.data: load addr=01008e10, load size=00000225 bytes, run addr=20008e3c, run size=000006b9 bytes, compression=lzss
	.bss: load addr=01009048, load size=00000008 bytes, run addr=20008310, run size=00000b2c bytes, compression=zero_init
	.vecs: load addr=01009050, load size=00000008 bytes, run addr=20000000, run size=0000030c bytes, compression=zero_init


LINKER GENERATED HANDLER TABLE

__TI_handler_table @ 01009038 records: 3, size/record: 4, table size: 12
	index: 0, handler: __TI_zero_init
	index: 1, handler: __TI_decompress_lzss
	index: 2, handler: __TI_decompress_none


GLOBAL SYMBOLS: SORTED ALPHABETICALLY BY Name 

address   name                                                            
-------   ----                                                            
010054d1  ADCCC32XX_close                                                 
0100372b  ADCCC32XX_control                                               
010052f1  ADCCC32XX_convert                                               
01007b95  ADCCC32XX_convertToMicroVolts                                   
01008bd4  ADCCC32XX_fxnTable                                              
0100855b  ADCCC32XX_init                                                  
01004859  ADCCC32XX_open                                                  
010084ed  ADC_Params_init                                                 
010084f7  ADC_close                                                       
01008930  ADC_config                                                      
01008501  ADC_convert                                                     
01008cf4  ADC_count                                                       
01008cfc  ADC_defaultParams                                               
010067d5  ADC_init                                                        
01006acd  ADC_open                                                        
01002511  ADC_setup                                                       
010081fd  Board_init                                                      
0100250f  Board_initHook                                                  
01008cf1  CONFIG_ADC_0_CONST                                              
01008cf2  CONFIG_ADC_1_CONST                                              
01008cf3  CONFIG_ADC_2_CONST                                              
01008cf5  CONFIG_TIMER_0_CONST                                            
01008cf7  CONFIG_UART_0_CONST                                             
0100850b  ClockP_Params_init                                              
01006b0d  ClockP_create                                                   
0100839f  ClockP_delete                                                   
010014cd  ClockP_getCpuFreq                                               
01008461  ClockP_getSystemTicks                                           
01002e8d  ClockP_setTimeout                                               
010048ed  ClockP_start                                                    
01004a15  ClockP_stop                                                     
01002d5b  DisplayUartMin_clear                                            
01003c47  DisplayUartMin_clearLines                                       
01008079  DisplayUartMin_close                                            
0100734b  DisplayUartMin_control                                          
01008a74  DisplayUartMin_fxnTable                                         
010081d3  DisplayUartMin_getType                                          
[...]
01008331  xdc_runtime_System_SupportProxy_ready__E                        
01008341  xdc_runtime_System_vsnprintf__E                                 
01008351  RingBuf_isFull                                                  
0100835f  __TI_decompress_none                                            
01008371  pthread_attr_setdetachstate                                     
01008381  ti_sysbios_knl_Idle_loop__E                                     
01008391  ti_sysbios_knl_Queue_empty__E                                   
0100839f  ClockP_delete                                                   
010083ab  HwiP_delete                                                     
010083b9  Power_getConstraintMask                                         
010083c5  SemaphoreP_delete                                               
010083d1  _register_lock                                                  
010083dd  _register_unlock                                                
010083e9  copysign                                                        
010083e9  copysignl                                                       
010083f5  __TI_zero_init                                                  
01008419  ti_sysbios_family_arm_m3_Hwi_Params__init__S                    
01008419  ti_sysbios_hal_Hwi_HwiProxy_Params__init__S                     
01008429  ti_sysbios_family_arm_m3_Hwi_disableFxn__E                      
01008429  ti_sysbios_hal_Hwi_HwiProxy_disable__E                          
01008439  ti_sysbios_family_arm_m3_TaskSupport_getStackAlignment__E       
01008439  ti_sysbios_knl_Task_SupportProxy_getStackAlignment__E           
01008449  ti_sysbios_gates_GateHwi_enter__E                               
01008455  ti_sysbios_knl_Clock_Params__init__S                            
01008461  ClockP_getSystemTicks                                           
01008461  ti_sysbios_knl_Clock_getTicks__E                                
01008471  ti_sysbios_knl_Clock_setTicks__E                                
01008481  ti_sysbios_knl_Clock_tickStart__E                               
01008491  ti_sysbios_knl_Clock_tickStop__E                                
0100849d  ti_sysbios_knl_Queue_Object__get__S                             
010084a9  ti_sysbios_knl_Semaphore_Params__init__S                        
010084b5  ti_sysbios_knl_Task_Params__init__S                             
010084c1  ti_sysbios_knl_Task_self__E                                     
010084d1  ti_sysbios_rts_ti_ReentSupport_taskRegHook__I                   
010084e1  xdc_runtime_Startup_rtsDone__E                                  
010084ed  ADC_Params_init                                                 
010084f7  ADC_close                                                       
01008501  ADC_convert                                                     
0100850b  ClockP_Params_init                                              
01008515  Timer_getCount                                                  
0100851f  Timer_start                                                     
01008529  UART_close                                                      
01008533  UART_control                                                    
0100853d  UART_write                                                      
01008547  xdc_runtime_Memory_HeapProxy_alloc__E                           
01008551  xdc_runtime_Memory_HeapProxy_free__E                            
0100855b  ADCCC32XX_init                                                  
01008563  SemaphoreP_Params_init                                          
0100856b  TimerCC32XX_control                                             
01008571  pthread_attr_setstacksize                                       
01008581  ti_sysbios_family_arm_m3_Hwi_doSwiRestore__I                    
01008589  ti_sysbios_family_arm_m3_Hwi_startup__E                         
01008589  ti_sysbios_hal_Hwi_HwiProxy_startup__E                          
01008589  ti_sysbios_hal_Hwi_startup__E                                   
01008599  UtilsDelay                                                      
010085a1  ti_sysbios_family_arm_m3_Hwi_doTaskRestore__I                   
010085a9  HwiP_restore                                                    
010085a9  ti_sysbios_family_arm_m3_Hwi_restoreFxn__E                      
010085a9  ti_sysbios_hal_Hwi_HwiProxy_restore__E                          
010085b1  ti_sysbios_gates_GateHwi_leave__E                               
010085b9  ti_sysbios_heaps_HeapMem_isBlocking__E                          
010085c1  ti_sysbios_knl_Clock_stop__E                                    
010085c9  ti_sysbios_knl_Queue_Instance_init__E                           
010085d1  ti_sysbios_knl_Swi_startup__E                                   
010085d9  xdc_runtime_System_Module_startup__E                            
010085e1  __aeabi_errno_addr                                              
010085e9  ti_sysbios_family_arm_m3_Timer_getMaxTicks__E                   
010085f1  ti_sysbios_gates_GateHwi_query__E                               
010085f1  xdc_runtime_Main_Module_GateProxy_query__E                      
010085f1  xdc_runtime_System_Module_GateProxy_query__E                    
010085f9  ti_sysbios_BIOS_RtsGateProxy_query__E                           
010085f9  ti_sysbios_gates_GateMutex_query__E                             
010085f9  ti_sysbios_heaps_HeapMem_Module_GateProxy_query__E              
01008601  ti_sysbios_knl_Clock_setTimeout__E                              
01008609  ti_sysbios_knl_Task_startup__E                                  
01008611  xdc_runtime_SysCallback_defaultReady                            
01008619  ti_sysbios_BIOS_linkedWithIncorrectBootLibrary__E               
01008621  ti_sysbios_gates_GateHwi_Instance_init__E                       
01008629  ti_sysbios_knl_Clock_logTick__E                                 
01008631  xdc_runtime_SysCallback_defaultAbort                            
01008639  xdc_runtime_SysCallback_defaultExit                             
01008641  xdc_runtime_SysCallback_defaultPutch                            
01008649  xdc_runtime_System_abortSpin__E                                 
01008651  xdc_runtime_System_exitSpin__E                                  
01008800  PowerCC32XX_config                                              
01008844  ti_sysbios_knl_Task_Object__PARAMS__C                           
010088b0  ti_sysbios_family_arm_m3_Hwi_Object__PARAMS__C                  
010088e0  UARTCC32XX_fxnTable                                             
01008908  ti_sysbios_heaps_HeapMem_Module__FXNS__C                        
01008930  ADC_config                                                      
01008954  UART_defaultParams                                              
01008978  ti_sysbios_gates_GateHwi_Module__FXNS__C                        
0100899c  ti_sysbios_gates_GateMutex_Module__FXNS__C                      
010089c0  ti_sysbios_heaps_HeapMem_Object__PARAMS__C                      
010089e4  ti_sysbios_knl_Clock_Object__PARAMS__C                          
01008a08  ti_sysbios_knl_Semaphore_Object__PARAMS__C                      
01008a50  xdc_runtime_Startup_sfxnTab__A                                  
01008a74  DisplayUartMin_fxnTable                                         
01008a94  TimerCC32XX_fxnTable                                            
01008ad4  ti_sysbios_family_arm_m3_Hwi_Object__DESC__C                    
01008af4  ti_sysbios_gates_GateHwi_Object__DESC__C                        
01008b14  ti_sysbios_gates_GateMutex_Object__DESC__C                      
01008b34  ti_sysbios_heaps_HeapMem_Object__DESC__C                        
01008b54  ti_sysbios_knl_Clock_Object__DESC__C                            
01008b74  ti_sysbios_knl_Queue_Object__DESC__C                            
01008b94  ti_sysbios_knl_Semaphore_Object__DESC__C                        
01008bb4  ti_sysbios_knl_Task_Object__DESC__C                             
01008bd4  ADCCC32XX_fxnTable                                              
01008bec  ti_sysbios_gates_GateHwi_Object__PARAMS__C                      
01008c04  ti_sysbios_gates_GateMutex_Object__PARAMS__C                    
01008c1c  ti_sysbios_knl_Queue_Object__PARAMS__C                          
01008c34  ti_sysbios_knl_Task_hooks__A                                    
01008c4c  displayUartHWAttrs                                              
01008c74  xdc_runtime_Startup_sfxnRts__A                                  
01008c86  ti_sysbios_family_arm_m3_Hwi_Module__id__C                      
01008c98  timerCC32XXHWAttrs                                              
01008ca8  Display_config                                                  
01008cb4  Timer_config                                                    
01008cc0  UART_config                                                     
01008ccc  adcCC32XXHWAttrs                                                
01008ce4  xdc_runtime_Startup_firstFxns__A                                
01008cf0  Display_count                                                   
01008cf1  CONFIG_ADC_0_CONST                                              
01008cf2  CONFIG_ADC_1_CONST                                              
01008cf3  CONFIG_ADC_2_CONST                                              
01008cf4  ADC_count                                                       
01008cf5  CONFIG_TIMER_0_CONST                                            
01008cf6  Timer_count                                                     
01008cf7  CONFIG_UART_0_CONST                                             
01008cf8  UART_count                                                      
01008cf9  Display_defaultParams                                           
01008cfa  ti_sysbios_family_arm_m3_Timer_Module__id__C                    
01008cfc  ADC_defaultParams                                               
01008d0c  ti_sysbios_knl_Idle_funcList__A                                 
01008d14  ti_sysbios_knl_Idle_funcList__C                                 
01008d1c  ti_sysbios_knl_Task_hooks__C                                    
01008d24  xdc_runtime_Startup_firstFxns__C                                
01008d2c  xdc_runtime_Startup_lastFxns__C                                 
01008d34  ti_sysbios_family_arm_m3_Hwi_E_alreadyDefined__C                
01008d38  ti_sysbios_family_arm_m3_Hwi_E_badIntNum__C                     
01008d3c  ti_sysbios_family_arm_m3_Hwi_NUM_INTERRUPTS__C                  
01008d40  ti_sysbios_family_arm_m3_Hwi_Object__count__C                   
01008d44  ti_sysbios_family_arm_m3_Hwi_ccr__C                             
01008d48  ti_sysbios_family_arm_m3_Hwi_excHandlerFunc__C                  
01008d4c  ti_sysbios_family_arm_m3_Hwi_nullIsrFunc__C                     
01008d50  ti_sysbios_family_arm_m3_Hwi_priGroup__C                        
01008d54  ti_sysbios_family_arm_m3_Hwi_swiDisable__C                      
01008d58  ti_sysbios_family_arm_m3_Hwi_swiRestore__C                      
01008d5c  ti_sysbios_family_arm_m3_TaskSupport_stackAlignment__C          
01008d60  ti_sysbios_family_arm_m3_Timer_E_cannotSupport__C               
01008d64  ti_sysbios_family_arm_m3_Timer_startupNeeded__C                 
01008d68  ti_sysbios_gates_GateMutex_Instance_State_sem__O                
01008d6c  ti_sysbios_heaps_HeapMem_E_memory__C                            
01008d70  ti_sysbios_heaps_HeapMem_Module__gateObj__C                     
01008d74  ti_sysbios_heaps_HeapMem_Object__count__C                       
01008d78  ti_sysbios_heaps_HeapMem_primaryHeapBaseAddr__C                 
01008d7c  ti_sysbios_heaps_HeapMem_primaryHeapEndAddr__C                  
01008d80  ti_sysbios_heaps_HeapMem_reqAlign__C                            
01008d84  ti_sysbios_knl_Clock_Module_State_clockQ__O                     
01008d88  ti_sysbios_knl_Clock_tickPeriod__C                              
01008d8c  ti_sysbios_knl_Mailbox_Instance_State_freeQue__O                
01008d90  ti_sysbios_knl_Mailbox_Object__count__C                         
01008d94  ti_sysbios_knl_Mailbox_maxTypeAlign__C                          
01008d98  ti_sysbios_knl_Semaphore_Instance_State_pendQ__O                
01008d9c  ti_sysbios_knl_Swi_Object__count__C                             
01008da0  ti_sysbios_knl_Task_Module_State_inactiveQ__O                   
01008da4  ti_sysbios_knl_Task_Object__count__C                            
01008da8  ti_sysbios_knl_Task_Object__heap__C                             
01008dac  ti_sysbios_knl_Task_allBlockedFunc__C                           
01008db0  ti_sysbios_knl_Task_defaultStackHeap__C                         
01008db4  ti_sysbios_knl_Task_defaultStackSize__C                         
01008db8  ti_sysbios_knl_Task_numConstructedTasks__C                      
01008dbc  xdc_runtime_Error_E_memory__C                                   
01008dc0  xdc_runtime_Error_policyFxn__C                                  
01008dc4  xdc_runtime_IGateProvider_Interface__BASE__C                    
01008dc8  xdc_runtime_IHeap_Interface__BASE__C                            
01008dcc  xdc_runtime_IModule_Interface__BASE__C                          
01008dd0  xdc_runtime_Memory_defaultHeapInstance__C                       
01008dd4  xdc_runtime_Startup_execImpl__C                                 
01008dd8  xdc_runtime_Startup_maxPasses__C                                
01008ddc  xdc_runtime_Startup_sfxnRts__C                                  
01008de0  xdc_runtime_Startup_sfxnTab__C                                  
01008de4  xdc_runtime_SysCallback_abortFxn__C                             
01008de8  xdc_runtime_SysCallback_exitFxn__C                              
01008dec  xdc_runtime_SysCallback_putchFxn__C                             
01008df0  xdc_runtime_SysCallback_readyFxn__C                             
01008df4  xdc_runtime_System_Module__gateObj__C                           
01008df8  xdc_runtime_System_abortFxn__C                                  
01008dfc  xdc_runtime_System_exitFxn__C                                   
01008e00  xdc_runtime_System_extendFxn__C                                 
01008e04  xdc_runtime_System_maxAtexitHandlers__C                         
01008e08  ti_sysbios_heaps_HeapMem_Module__id__C                          
01008e0a  xdc_runtime_Memory_Module__id__C                                
01008e0c  ti_sysbios_knl_Clock_tickMode__C                                
01008e0d  ti_sysbios_knl_Clock_tickSource__C                              
01008e0e  xdc_runtime_Error_policy__C                                     
01008e10  __TI_static_base__                                              
01009038  __TI_Handler_Table_Base                                         
01009044  __TI_Handler_Table_Limit                                        
01009058  __TI_CINIT_Base                                                 
01009070  __TI_CINIT_Limit                                                
20000000  __start___llvm_prf_cnts                                         
20000000  __stop___llvm_prf_cnts                                          
20000000  ti_sysbios_family_arm_m3_Hwi_ramVectors                         
20000310  __primary_heap_start__                                          
20008310  __primary_heap_end__                                            
20008710  ti_sysbios_family_arm_m3_Hwi_dispatchTable                      
20008a20  ti_sysbios_knl_Task_Instance_State_0_stack__A                   
20008c20  PowerCC32XX_contextSave                                         
20008d4c  uartCC32XXObjects0                                              
20008dd0  timerCC32XXObjects                                              
20008e24  displayUartObject                                               
20008e34  adcCC32XXObjects                                                
20008e38  ti_sysbios_knl_Task_Instance_State_0_hookEnv__A                 
20008e3c  PowerCC32XX_module                                              
20008fa8  parkInfo                                                        
20009128  ti_sysbios_knl_Swi_Module_State_0_readyQ__A                     
200091a8  ti_sysbios_knl_Task_Module_State_0_readyQ__A                    
20009228  ti_sysbios_gates_GateMutex_Object__table__V                     
2000927c  ti_sysbios_knl_Task_Object__table__V                            
200092c8  ti_sysbios_knl_Task_Module__state__V                            
2000930c  ti_sysbios_family_arm_m3_Hwi_Module__state__V                   
20009340  ti_sysbios_family_arm_m3_Timer_Object__table__V                 
20009370  ti_sysbios_knl_Swi_Object__table__V                             
200093a0  ti_sysbios_knl_Clock_Module__state__V                           
200093cc  ti_sysbios_BIOS_Module__state__V                                
200093f0  xdc_runtime_Error_IgnoreBlock                                   
20009410  ti_sysbios_knl_Swi_Module__state__V                             
2000942c  ti_sysbios_family_arm_m3_Hwi_Object__table__V                   
20009444  ti_sysbios_heaps_HeapMem_Object__table__V                       
2000945c  ti_sysbios_family_arm_m3_Timer_Module__state__V                 
20009468  _lock                                                           
2000946c  _unlock                                                         
20009478  ti_sysbios_family_arm_m3_Hwi_Module__root__V                    
20009480  ti_sysbios_gates_GateHwi_Module__root__V                        
20009488  ti_sysbios_gates_GateMutex_Module__root__V                      
20009490  ti_sysbios_heaps_HeapMem_Module__root__V                        
20009498  ti_sysbios_knl_Clock_Module__root__V                            
200094a0  ti_sysbios_knl_Queue_Module__root__V                            
200094a8  ti_sysbios_knl_Semaphore_Module__root__V                        
200094b0  ti_sysbios_knl_Task_Module__root__V                             
200094b8  xdc_runtime_Startup_Module__state__V                            
200094c0  xdc_runtime_System_Module_State_0_atexitHandlers__A             
200094c8  xdc_runtime_System_Module__state__V                             
200094d0  main_func_sp                                                    
200094d4  ti_sysbios_family_arm_m3_Hwi_Module_State_0_excContext__A       
200094d8  ti_sysbios_family_arm_m3_Hwi_Module_State_0_excStack__A         
200094dc  ti_sysbios_family_arm_m3_TimestampProvider_Module__state__V     
200094e0  ti_sysbios_gates_GateHwi_Object__table__V                       
200094e4  ti_sysbios_knl_Task_Module_State_0_idleTask__A                  
200094e8  ti_sysbios_rts_ti_ReentSupport_Module__state__V                 
200094ec  xdc_runtime_Memory_Module__state__V                             
200094f0  ti_sysbios_family_arm_m3_Hwi_Module_State_0_excActive__A        
2003fc00  __stack                                                         
20040000  __STACK_END                                                     
e000e000  ti_sysbios_family_arm_m3_Hwi_nvic                               
ffffffff  __TI_pprof_out_hndl                                             
ffffffff  __TI_prof_data_size                                             
ffffffff  __TI_prof_data_start                                            
ffffffff  __binit__                                                       
ffffffff  __c_args__                                                      
ffffffff  binit                                                           
UNDEFED   ITM_flush                                                       
UNDEFED   ITM_restore                                                     
UNDEFED   SHT$$INIT_ARRAY$$Base                                           
UNDEFED   SHT$$INIT_ARRAY$$Limit                                          

[646 symbols]
